// Jest Snapshot v1, https://goo.gl/fbAQLP

exports[`<SearchInput /> Match Snapshot 1`] = `
<div
  className="app"
>
  <div
    className="navbar"
  >
    <div
      className="content"
    >
      <div
        className="brand"
      >
        Gallery
      </div>
    </div>
  </div>
  <div
    className="main"
  >
    <div
      className="gallery-section"
    >
      <div
        className="gallery"
      >
        <div
          className="col-centered REVIEW"
        >
          <div
            className="search-input"
          >
            <div
              className="controls"
            >
              <input
                className="search-input-control"
                onChange={[Function]}
                onKeyPress={[Function]}
                placeholder="Enter keyword..."
                type="text"
                value=""
              />
              <button
                className="btn btn-submit disabled"
                onClick={[Function]}
              >
                <span>
                  Search
                </span>
              </button>
            </div>
          </div>
        </div>
      </div>
    </div>
  </div>
</div>
`;
