// Jest Snapshot v1, https://goo.gl/fbAQLP

exports[`<Slider /> Match Snapshot 1`] = `
<div
  className="slider"
>
  <button
    className="btn btn-previous disabled"
    onClick={[Function]}
  >
    Previuos
  </button>
  <button
    className="btn btn-next disabled"
    onClick={[Function]}
  >
    Next
  </button>
  <div
    className="loading"
  >
    <i
      className="fa fa-refresh fa-spin fa-3x fa-fw"
    />
  </div>
  <img
    alt="Slider"
    className="hidden"
    onLoad={[Function]}
    src="DummyPath"
  />
</div>
`;

exports[`<Slider /> Match Snapshot 2`] = `
<div
  className="slider"
>
  <button
    className="btn btn-previous disabled"
    onClick={[Function]}
  >
    Previuos
  </button>
  <button
    className="btn btn-next disabled"
    onClick={[Function]}
  >
    Next
  </button>
  <div
    className="loading"
  >
    <i
      className="fa fa-refresh fa-spin fa-3x fa-fw"
    />
  </div>
  <img
    alt="Slider"
    className="hidden"
    onLoad={[Function]}
    src="DummyPath"
  />
</div>
`;
